{
    "sarscov2 protein_db": {
        "content": [
            {
                "0": [
                    [
                        {
                            "id": "test"
                        },
                        [
                            "acc2taxid.map:md5,4eb8b3bde8a5cc1414afeeeab385e208",
                            "db.parameters:md5,481509eb7cddc0ec93fbcd61b7820616",
                            "diffIdx:md5,8ac88d03fabf6917698a02841e410b33",
                            "info:md5,ba18c68b0d90630fad4dfe02b5101b72",
                            [
                                "694009.fna:md5,e73599798195a519ba2565c3f0275b93"
                            ],
                            "split:md5,6306fc471e89174e65c71fd0cc69f780",
                            "taxID_list:md5,40064b0651b7d558820d6fc1014de0fd",
                            [
                                "acc2taxid:md5,4ae5ac3b865cb7bf301c3cc72153a7a8",
                                "merged.dmp:md5,d41d8cd98f00b204e9800998ecf8427e",
                                "names.dmp:md5,130f9132095562e09c732679c562f5e9",
                                "nodes.dmp:md5,c471c27a4ce85ae74d2c63633c9ce1e3"
                            ],
                            "taxonomyDB:md5,029a03295afff91c5d2a011c7e8b8db5",
                            "unmapped.txt:md5,b8c64bc37b7dc465fdaf61b3cd90c29a"
                        ]
                    ]
                ],
                "1": [
                    "versions.yml:md5,acaa33b47a40006743150a1f9db99393"
                ],
                "db": [
                    [
                        {
                            "id": "test"
                        },
                        [
                            "acc2taxid.map:md5,4eb8b3bde8a5cc1414afeeeab385e208",
                            "db.parameters:md5,481509eb7cddc0ec93fbcd61b7820616",
                            "diffIdx:md5,8ac88d03fabf6917698a02841e410b33",
                            "info:md5,ba18c68b0d90630fad4dfe02b5101b72",
                            [
                                "694009.fna:md5,e73599798195a519ba2565c3f0275b93"
                            ],
                            "split:md5,6306fc471e89174e65c71fd0cc69f780",
                            "taxID_list:md5,40064b0651b7d558820d6fc1014de0fd",
                            [
                                "acc2taxid:md5,4ae5ac3b865cb7bf301c3cc72153a7a8",
                                "merged.dmp:md5,d41d8cd98f00b204e9800998ecf8427e",
                                "names.dmp:md5,130f9132095562e09c732679c562f5e9",
                                "nodes.dmp:md5,c471c27a4ce85ae74d2c63633c9ce1e3"
                            ],
                            "taxonomyDB:md5,029a03295afff91c5d2a011c7e8b8db5",
                            "unmapped.txt:md5,b8c64bc37b7dc465fdaf61b3cd90c29a"
                        ]
                    ]
                ],
                "versions": [
                    "versions.yml:md5,acaa33b47a40006743150a1f9db99393"
                ]
            }
        ],
        "meta": {
            "nf-test": "0.8.4",
            "nextflow": "24.04.2"
        },
        "timestamp": "2024-06-21T13:06:57.889836817"
    },
    "sarscov2 - protein_db - acc2taxid": {
        "content": [
            {
                "0": [
                    [
                        {
                            "id": "test"
                        },
                        [
                            "acc2taxid.map:md5,4eb8b3bde8a5cc1414afeeeab385e208",
                            "db.parameters:md5,481509eb7cddc0ec93fbcd61b7820616",
                            "diffIdx:md5,8ac88d03fabf6917698a02841e410b33",
                            "info:md5,ba18c68b0d90630fad4dfe02b5101b72",
                            [
                                "694009.fna:md5,e73599798195a519ba2565c3f0275b93"
                            ],
                            "split:md5,6306fc471e89174e65c71fd0cc69f780",
                            "taxID_list:md5,40064b0651b7d558820d6fc1014de0fd",
                            [
                                "acc2taxid:md5,4ae5ac3b865cb7bf301c3cc72153a7a8",
                                "merged.dmp:md5,d41d8cd98f00b204e9800998ecf8427e",
                                "names.dmp:md5,130f9132095562e09c732679c562f5e9",
                                "nodes.dmp:md5,c471c27a4ce85ae74d2c63633c9ce1e3"
                            ],
                            "taxonomyDB:md5,8efd02b34af565a1a808e43bc239c75a",
                            "unmapped.txt:md5,b8c64bc37b7dc465fdaf61b3cd90c29a"
                        ]
                    ]
                ],
                "1": [
                    "versions.yml:md5,acaa33b47a40006743150a1f9db99393"
                ],
                "db": [
                    [
                        {
                            "id": "test"
                        },
                        [
                            "acc2taxid.map:md5,4eb8b3bde8a5cc1414afeeeab385e208",
                            "db.parameters:md5,481509eb7cddc0ec93fbcd61b7820616",
                            "diffIdx:md5,8ac88d03fabf6917698a02841e410b33",
                            "info:md5,ba18c68b0d90630fad4dfe02b5101b72",
                            [
                                "694009.fna:md5,e73599798195a519ba2565c3f0275b93"
                            ],
                            "split:md5,6306fc471e89174e65c71fd0cc69f780",
                            "taxID_list:md5,40064b0651b7d558820d6fc1014de0fd",
                            [
                                "acc2taxid:md5,4ae5ac3b865cb7bf301c3cc72153a7a8",
                                "merged.dmp:md5,d41d8cd98f00b204e9800998ecf8427e",
                                "names.dmp:md5,130f9132095562e09c732679c562f5e9",
                                "nodes.dmp:md5,c471c27a4ce85ae74d2c63633c9ce1e3"
                            ],
                            "taxonomyDB:md5,8efd02b34af565a1a808e43bc239c75a",
                            "unmapped.txt:md5,b8c64bc37b7dc465fdaf61b3cd90c29a"
                        ]
                    ]
                ],
                "versions": [
                    "versions.yml:md5,acaa33b47a40006743150a1f9db99393"
                ]
            }
        ],
        "meta": {
            "nf-test": "0.8.4",
            "nextflow": "24.04.2"
        },
        "timestamp": "2024-06-21T13:08:00.235429024"
    },
    "sarscov2 protein_db stub": {
        "content": [
            {
                "0": [
                    [
                        {
                            "id": "test"
                        },
                        [
                            
                        ]
                    ]
                ],
                "1": [
                    "versions.yml:md5,acaa33b47a40006743150a1f9db99393"
                ],
                "db": [
                    [
                        {
                            "id": "test"
                        },
                        [
                            
                        ]
                    ]
                ],
                "versions": [
                    "versions.yml:md5,acaa33b47a40006743150a1f9db99393"
                ]
            }
        ],
        "meta": {
            "nf-test": "0.8.4",
            "nextflow": "24.04.2"
        },
        "timestamp": "2024-06-21T13:08:14.59465885"
    }
}