{
    "sarscov2 protein_db": {
        "content": [
            {
                "0": [
                    [
                        {
                            "id": "test"
                        },
                        [
                            [
                                "694009.fna:md5,e73599798195a519ba2565c3f0275b93"
                            ],
                            [
                                "acc2taxid:md5,4ae5ac3b865cb7bf301c3cc72153a7a8",
                                "merged.dmp:md5,d41d8cd98f00b204e9800998ecf8427e",
                                "names.dmp:md5,130f9132095562e09c732679c562f5e9",
                                "nodes.dmp:md5,c471c27a4ce85ae74d2c63633c9ce1e3"
                            ],
                            "unmapped.txt:md5,b8c64bc37b7dc465fdaf61b3cd90c29a"
                        ]
                    ]
                ],
                "1": [
                    "versions.yml:md5,2a8623d8302b84cba425ddf9381464d4"
                ],
                "db": [
                    [
                        {
                            "id": "test"
                        },
                        [
                            [
                                "694009.fna:md5,e73599798195a519ba2565c3f0275b93"
                            ],
                            [
                                "acc2taxid:md5,4ae5ac3b865cb7bf301c3cc72153a7a8",
                                "merged.dmp:md5,d41d8cd98f00b204e9800998ecf8427e",
                                "names.dmp:md5,130f9132095562e09c732679c562f5e9",
                                "nodes.dmp:md5,c471c27a4ce85ae74d2c63633c9ce1e3"
                            ],
                            "unmapped.txt:md5,b8c64bc37b7dc465fdaf61b3cd90c29a"
                        ]
                    ]
                ],
                "versions": [
                    "versions.yml:md5,2a8623d8302b84cba425ddf9381464d4"
                ]
            }
        ],
        "meta": {
            "nf-test": "0.8.4",
            "nextflow": "24.04.2"
        },
        "timestamp": "2024-06-21T12:01:48.840753727"
    },
    "sarscov2 protein_db stub": {
        "content": [
            {
                "0": [
                    [
                        {
                            "id": "test"
                        },
                        [

                        ]
                    ]
                ],
                "1": [
                    "versions.yml:md5,2a8623d8302b84cba425ddf9381464d4"
                ],
                "db": [
                    [
                        {
                            "id": "test"
                        },
                        [

                        ]
                    ]
                ],
                "versions": [
                    "versions.yml:md5,2a8623d8302b84cba425ddf9381464d4"
                ]
            }
        ],
        "meta": {
            "nf-test": "0.8.4",
            "nextflow": "24.04.2"
        },
        "timestamp": "2024-06-21T11:40:58.903080427"
    }
}
